\BOOKMARK [1][-]{Doc-Start}{\376\377\000I\000n\000t\000r\000o\000d\000u\000c\000c\000i\000\363\000n}{}% 1
\BOOKMARK [1][-]{Doc-Start}{\376\377\000O\000b\000j\000e\000t\000i\000v\000o\000\040\000g\000e\000n\000e\000r\000a\000l}{}% 2
\BOOKMARK [1][-]{Doc-Start}{\376\377\000O\000b\000j\000e\000t\000i\000v\000o\000s\000\040\000e\000s\000p\000e\000c\000\355\000f\000i\000c\000o\000s}{}% 3
\BOOKMARK [1][-]{Doc-Start}{\376\377\000D\000e\000s\000a\000r\000o\000l\000l\000o\000\040\000t\000e\000\363\000r\000i\000c\000o}{}% 4
\BOOKMARK [2][-]{section*.1}{\376\377\000S\000e\000\361\000a\000l\000e\000s\000\040\000a\000n\000a\000l\000o\000g\000i\000c\000a\000s\000\040\000y\000\040\000D\000i\000g\000i\000t\000a\000l\000e\000s\000\040}{Doc-Start}% 5
\BOOKMARK [2][-]{figure.2}{\376\377\000E\000l\000\040\000p\000r\000o\000c\000e\000s\000o\000\040\000d\000e\000\040\000m\000u\000e\000s\000t\000r\000e\000o}{Doc-Start}% 6
\BOOKMARK [2][-]{equation.0.1}{\376\377\000C\000u\000a\000n\000t\000i\000f\000i\000c\000a\000c\000i\000o\000n\000\040\000y\000\040\000r\000e\000s\000o\000l\000u\000c\000i\000o\000n\000\040}{Doc-Start}% 7
\BOOKMARK [2][-]{equation.0.2}{\376\377\000E\000l\000\040\000C\000o\000n\000v\000e\000r\000t\000i\000d\000o\000r\000\040\000a\000n\000a\000l\000o\000g\000i\000c\000o\000-\000d\000i\000g\000i\000t\000a\000l\000\050\000A\000D\000C\000\051}{Doc-Start}% 8
\BOOKMARK [2][-]{equation.0.2}{\376\377\000E\000l\000\040\000c\000o\000n\000v\000e\000r\000t\000i\000d\000o\000r\000\040\000d\000i\000g\000i\000t\000a\000l\000-\000A\000n\000a\000l\000o\000g\000i\000c\000o\000\050\000D\000A\000C\000\051}{Doc-Start}% 9
\BOOKMARK [2][-]{equation.0.2}{\376\377\000S\000e\000\361\000a\000l\000\040\000T\000r\000i\000a\000n\000g\000u\000l\000a\000r\000\040\000d\000i\000e\000n\000t\000e\000\040\000S\000i\000e\000r\000r\000a}{Doc-Start}% 10
\BOOKMARK [2][-]{equation.0.2}{\376\377\000R\000e\000l\000a\000c\000i\000o\000n\000\040\000e\000n\000t\000r\000e\000\040\000e\000n\000t\000r\000a\000d\000a\000\040\000y\000\040\000c\000o\000d\000i\000f\000i\000c\000a\000c\000i\000o\000n\000\040\000d\000e\000\040\000s\000a\000l\000i\000d\000a}{Doc-Start}% 11
\BOOKMARK [2][-]{equation.0.4}{\376\377\000A\000D\000C\000\040\000a\000\040\000c\000o\000d\000i\000g\000o\000\040\000B\000i\000n\000a\000r\000i\000o\000\040\000a\000\040\000D\000A\000C}{Doc-Start}% 12
\BOOKMARK [1][-]{equation.0.5}{\376\377\000D\000i\000s\000e\000\361\000o\000\040\000d\000e\000l\000\040\000s\000i\000t\000e\000m\000a}{}% 13
\BOOKMARK [2][-]{section*.2}{\376\377\000E\000s\000q\000u\000e\000m\000a\000\040\000g\000e\000n\000e\000r\000a\000l\000\040\000d\000e\000l\000\040\000s\000i\000s\000t\000e\000m\000a}{equation.0.5}% 14
\BOOKMARK [2][-]{figure.3}{\376\377\000R\000e\000s\000o\000l\000u\000c\000i\000\363\000n\000\040\000d\000e\000l\000\040\000A\000D\000C}{equation.0.5}% 15
\BOOKMARK [2][-]{figure.3}{\376\377\000F\000r\000e\000c\000u\000e\000n\000c\000i\000a\000\040\000d\000e\000\040\000m\000u\000e\000s\000t\000r\000e\000o}{equation.0.5}% 16
\BOOKMARK [2][-]{figure.3}{\376\377\000R\000e\000s\000u\000l\000t\000a\000d\000o\000s\000\040\000e\000s\000p\000e\000r\000a\000d\000o\000s}{equation.0.5}% 17
\BOOKMARK [2][-]{figure.3}{\376\377\000A\000n\000\341\000l\000i\000s\000i\000s\000\040\000d\000e\000l\000\040\000d\000i\000s\000e\000\361\000o}{equation.0.5}% 18
\BOOKMARK [1][-]{figure.3}{\376\377\000S\000i\000m\000u\000l\000a\000c\000i\000\363\000n\000\040\000d\000e\000l\000\040\000c\000i\000r\000c\000u\000i\000t\000o}{}% 19
\BOOKMARK [2][-]{figure.5}{\376\377\000C\000a\000s\000o\000\040\0001\000:\000\040\000M\000\341\000x\000i\000m\000o}{figure.3}% 20
\BOOKMARK [2][-]{figure.6}{\376\377\000C\000a\000s\000o\000\040\0002\000:\000\040\000M\000\355\000n\000i\000m\000o}{figure.3}% 21
\BOOKMARK [2][-]{figure.7}{\376\377\000C\000a\000s\000o\000\040\0003\000:\000\040\000P\000u\000n\000t\000o\000\040\000a\000r\000b\000i\000t\000r\000a\000r\000i\000o}{figure.3}% 22
\BOOKMARK [1][-]{figure.8}{\376\377\000C\000o\000n\000c\000l\000u\000s\000i\000\363\000n}{}% 23
